
   FAIL  Tests\Feature\Admin\KepalaUptTest
  Ô£ô kepala upt can accesÔÇª 1.21s  
  Ô£ô kepala upt is redireÔÇª 0.07s  
  Ô£ô kepala upt can viewÔÇª  0.04s  
  Ô£ô kepala upt cannot viÔÇª 0.05s  
  Ô£ô kepala upt can managÔÇª 0.04s  
  Ô£ô kepala upt cannot maÔÇª 0.04s  
  Ô£ô kepala upt can managÔÇª 0.04s  
  Ô£ô kepala upt cannot maÔÇª 0.03s  
  Ô¿» kepala upt can accesÔÇª 1.62s  
  ÔöÇÔöÇÔöÇÔöÇÔöÇÔöÇÔöÇÔöÇÔöÇÔöÇÔöÇÔöÇÔöÇÔöÇÔöÇÔöÇÔöÇÔöÇÔöÇÔöÇÔöÇÔöÇÔöÇÔöÇÔöÇÔöÇÔöÇÔöÇÔöÇ  
   FAILED  Tests\Feature\AdmiÔÇª   
  Expected response status code [200] but received 500.
Failed asserting that 500 is identical to 200.

The following exception occurred during the last request:

ParseError: syntax error, unexpected token "endif", expecting end of file in C:\laragon\www\layanan-pajak\storage\framework\views\e487c8b9a50ba181d178abc8588f9c80.php:149
Stack trace:
#0 C:\laragon\www\layanan-pajak\vendor\laravel\framework\src\Illuminate\Filesystem\Filesystem.php(124): Illuminate\Filesystem\Filesystem::Illuminate\Filesystem\{closure}()
#1 C:\laragon\www\layanan-pajak\vendor\laravel\framework\src\Illuminate\View\Engines\PhpEngine.php(57): Illuminate\Filesystem\Filesystem->getRequire('C:\\laragon\\www\\...', Array)
#2 C:\laragon\www\layanan-pajak\vendor\laravel\framework\src\Illuminate\View\Engines\CompilerEngine.php(76): Illuminate\View\Engines\PhpEngine->evaluatePath('C:\\laragon\\www\\...', Array)
#3 C:\laragon\www\layanan-pajak\vendor\laravel\framework\src\Illuminate\View\View.php(208): Illuminate\View\Engines\CompilerEngine->get('C:\\laragon\\www\\...', Array)
#4 C:\laragon\www\layanan-pajak\vendor\laravel\framework\src\Illuminate\View\View.php(191): Illuminate\View\View->getContents()
#5 C:\laragon\www\layanan-pajak\vendor\laravel\framework\src\Illuminate\View\View.php(160): Illuminate\View\View->renderContents()
#6 C:\laragon\www\layanan-pajak\vendor\laravel\framework\src\Illuminate\View\Concerns\ManagesComponents.php(103): Illuminate\View\View->render()
#7 C:\laragon\www\layanan-pajak\storage\framework\views\c62d52d18e2c4442ffead5322e3a01a0.php(431): Illuminate\View\Factory->renderComponent()
#8 C:\laragon\www\layanan-pajak\vendor\laravel\framework\src\Illuminate\Filesystem\Filesystem.php(123): require('C:\\laragon\\www\\...')
#9 C:\laragon\www\layanan-pajak\vendor\laravel\framework\src\Illuminate\Filesystem\Filesystem.php(124): Illuminate\Filesystem\Filesystem::Illuminate\Filesystem\{closure}()
#10 C:\laragon\www\layanan-pajak\vendor\laravel\framework\src\Illuminate\View\Engines\PhpEngine.php(57): Illuminate\Filesystem\Filesystem->getRequire('C:\\laragon\\www\\...', Array)
#11 C:\laragon\www\layanan-pajak\vendor\laravel\framework\src\Illuminate\View\Engines\CompilerEngine.php(76): Illuminate\View\Engines\PhpEngine->evaluatePath('C:\\laragon\\www\\...', Array)
#12 C:\laragon\www\layanan-pajak\vendor\laravel\framework\src\Illuminate\View\View.php(208): Illuminate\View\Engines\CompilerEngine->get('C:\\laragon\\www\\...', Array)
#13 C:\laragon\www\layanan-pajak\vendor\laravel\framework\src\Illuminate\View\View.php(191): Illuminate\View\View->getContents()
#14 C:\laragon\www\layanan-pajak\vendor\laravel\framework\src\Illuminate\View\View.php(160): Illuminate\View\View->renderContents()
#15 C:\laragon\www\layanan-pajak\vendor\laravel\framework\src\Illuminate\Http\Response.php(78): Illuminate\View\View->render()
#16 C:\laragon\www\layanan-pajak\vendor\laravel\framework\src\Illuminate\Http\Response.php(34): Illuminate\Http\Response->setContent(Object(Illuminate\View\View))
#17 C:\laragon\www\layanan-pajak\vendor\laravel\framework\src\Illuminate\Routing\Router.php(939): Illuminate\Http\Response->__construct(Object(Illuminate\View\View), 200, Array)
#18 C:\laragon\www\layanan-pajak\vendor\laravel\framework\src\Illuminate\Routing\Router.php(906): Illuminate\Routing\Router::toResponse(Object(Illuminate\Http\Request), Object(Illuminate\View\View))
#19 C:\laragon\www\layanan-pajak\vendor\laravel\framework\src\Illuminate\Routing\Router.php(821): Illuminate\Routing\Router->prepareResponse(Object(Illuminate\Http\Request), Object(Illuminate\View\View))
#20 C:\laragon\www\layanan-pajak\vendor\laravel\framework\src\Illuminate\Pipeline\Pipeline.php(180): Illuminate\Routing\Router->Illuminate\Routing\{closure}(Object(Illuminate\Http\Request))
#21 C:\laragon\www\layanan-pajak\vendor\spatie\laravel-permission\src\Middleware\RoleMiddleware.php(37): Illuminate\Pipeline\Pipeline->Illuminate\Pipeline\{closure}(Object(Illuminate\Http\Request))
#22 C:\laragon\www\layanan-pajak\vendor\laravel\framework\src\Illuminate\Pipeline\Pipeline.php(219): Spatie\Permission\Middleware\RoleMiddleware->handle(Object(Illuminate\Http\Request), Object(Closure), 'pegawai|kepala_...')
#23 C:\laragon\www\layanan-pajak\vendor\laravel\framework\src\Illuminate\Routing\Middleware\SubstituteBindings.php(50): Illuminate\Pipeline\Pipeline->Illuminate\Pipeline\{closure}(Object(Illuminate\Http\Request))
#24 C:\laragon\www\layanan-pajak\vendor\laravel\framework\src\Illuminate\Pipeline\Pipeline.php(219): Illuminate\Routing\Middleware\SubstituteBindings->handle(Object(Illuminate\Http\Request), Object(Closure))
#25 C:\laragon\www\layanan-pajak\vendor\laravel\framework\src\Illuminate\Auth\Middleware\Authenticate.php(63): Illuminate\Pipeline\Pipeline->Illuminate\Pipeline\{closure}(Object(Illuminate\Http\Request))
#26 C:\laragon\www\layanan-pajak\vendor\laravel\framework\src\Illuminate\Pipeline\Pipeline.php(219): Illuminate\Auth\Middleware\Authenticate->handle(Object(Illuminate\Http\Request), Object(Closure))
#27 C:\laragon\www\layanan-pajak\vendor\laravel\framework\src\Illuminate\Foundation\Http\Middleware\VerifyCsrfToken.php(87): Illuminate\Pipeline\Pipeline->Illuminate\Pipeline\{closure}(Object(Illuminate\Http\Request))
#28 C:\laragon\www\layanan-pajak\vendor\laravel\framework\src\Illuminate\Pipeline\Pipeline.php(219): Illuminate\Foundation\Http\Middleware\VerifyCsrfToken->handle(Object(Illuminate\Http\Request), Object(Closure))
#29 C:\laragon\www\layanan-pajak\vendor\laravel\framework\src\Illuminate\View\Middleware\ShareErrorsFromSession.php(48): Illuminate\Pipeline\Pipeline->Illuminate\Pipeline\{closure}(Object(Illuminate\Http\Request))
#30 C:\laragon\www\layanan-pajak\vendor\laravel\framework\src\Illuminate\Pipeline\Pipeline.php(219): Illuminate\View\Middleware\ShareErrorsFromSession->handle(Object(Illuminate\Http\Request), Object(Closure))
#31 C:\laragon\www\layanan-pajak\vendor\laravel\framework\src\Illuminate\Session\Middleware\StartSession.php(120): Illuminate\Pipeline\Pipeline->Illuminate\Pipeline\{closure}(Object(Illuminate\Http\Request))
#32 C:\laragon\www\layanan-pajak\vendor\laravel\framework\src\Illuminate\Session\Middleware\StartSession.php(63): Illuminate\Session\Middleware\StartSession->handleStatefulRequest(Object(Illuminate\Http\Request), Object(Illuminate\Session\Store), Object(Closure))
#33 C:\laragon\www\layanan-pajak\vendor\laravel\framework\src\Illuminate\Pipeline\Pipeline.php(219): Illuminate\Session\Middleware\StartSession->handle(Object(Illuminate\Http\Request), Object(Closure))
#34 C:\laragon\www\layanan-pajak\vendor\laravel\framework\src\Illuminate\Cookie\Middleware\AddQueuedCookiesToResponse.php(36): Illuminate\Pipeline\Pipeline->Illuminate\Pipeline\{closure}(Object(Illuminate\Http\Request))
#35 C:\laragon\www\layanan-pajak\vendor\laravel\framework\src\Illuminate\Pipeline\Pipeline.php(219): Illuminate\Cookie\Middleware\AddQueuedCookiesToResponse->handle(Object(Illuminate\Http\Request), Object(Closure))
#36 C:\laragon\www\layanan-pajak\vendor\laravel\framework\src\Illuminate\Cookie\Middleware\EncryptCookies.php(74): Illuminate\Pipeline\Pipeline->Illuminate\Pipeline\{closure}(Object(Illuminate\Http\Request))
#37 C:\laragon\www\layanan-pajak\vendor\laravel\framework\src\Illuminate\Pipeline\Pipeline.php(219): Illuminate\Cookie\Middleware\EncryptCookies->handle(Object(Illuminate\Http\Request), Object(Closure))
#38 C:\laragon\www\layanan-pajak\vendor\laravel\framework\src\Illuminate\Pipeline\Pipeline.php(137): Illuminate\Pipeline\Pipeline->Illuminate\Pipeline\{closure}(Object(Illuminate\Http\Request))
#39 C:\laragon\www\layanan-pajak\vendor\laravel\framework\src\Illuminate\Routing\Router.php(821): Illuminate\Pipeline\Pipeline->then(Object(Closure))
#40 C:\laragon\www\layanan-pajak\vendor\laravel\framework\src\Illuminate\Routing\Router.php(800): Illuminate\Routing\Router->runRouteWithinStack(Object(Illuminate\Routing\Route), Object(Illuminate\Http\Request))
#41 C:\laragon\www\layanan-pajak\vendor\laravel\framework\src\Illuminate\Routing\Router.php(764): Illuminate\Routing\Router->runRoute(Object(Illuminate\Http\Request), Object(Illuminate\Routing\Route))
#42 C:\laragon\www\layanan-pajak\vendor\laravel\framework\src\Illuminate\Routing\Router.php(753): Illuminate\Routing\Router->dispatchToRoute(Object(Illuminate\Http\Request))
#43 C:\laragon\www\layanan-pajak\vendor\laravel\framework\src\Illuminate\Foundation\Http\Kernel.php(200): Illuminate\Routing\Router->dispatch(Object(Illuminate\Http\Request))
#44 C:\laragon\www\layanan-pajak\vendor\laravel\framework\src\Illuminate\Pipeline\Pipeline.php(180): Illuminate\Foundation\Http\Kernel->Illuminate\Foundation\Http\{closure}(Object(Illuminate\Http\Request))
#45 C:\laragon\www\layanan-pajak\vendor\laravel\framework\src\Illuminate\Foundation\Http\Middleware\TransformsRequest.php(21): Illuminate\Pipeline\Pipeline->Illuminate\Pipeline\{closure}(Object(Illuminate\Http\Request))
#46 C:\laragon\www\layanan-pajak\vendor\laravel\framework\src\Illuminate\Foundation\Http\Middleware\ConvertEmptyStringsToNull.php(31): Illuminate\Foundation\Http\Middleware\TransformsRequest->handle(Object(Illuminate\Http\Request), Object(Closure))
#47 C:\laragon\www\layanan-pajak\vendor\laravel\framework\src\Illuminate\Pipeline\Pipeline.php(219): Illuminate\Foundation\Http\Middleware\ConvertEmptyStringsToNull->handle(Object(Illuminate\Http\Request), Object(Closure))
#48 C:\laragon\www\layanan-pajak\vendor\laravel\framework\src\Illuminate\Foundation\Http\Middleware\TransformsRequest.php(21): Illuminate\Pipeline\Pipeline->Illuminate\Pipeline\{closure}(Object(Illuminate\Http\Request))
#49 C:\laragon\www\layanan-pajak\vendor\laravel\framework\src\Illuminate\Foundation\Http\Middleware\TrimStrings.php(51): Illuminate\Foundation\Http\Middleware\TransformsRequest->handle(Object(Illuminate\Http\Request), Object(Closure))
#50 C:\laragon\www\layanan-pajak\vendor\laravel\framework\src\Illuminate\Pipeline\Pipeline.php(219): Illuminate\Foundation\Http\Middleware\TrimStrings->handle(Object(Illuminate\Http\Request), Object(Closure))
#51 C:\laragon\www\layanan-pajak\vendor\laravel\framework\src\Illuminate\Http\Middleware\ValidatePostSize.php(27): Illuminate\Pipeline\Pipeline->Illuminate\Pipeline\{closure}(Object(Illuminate\Http\Request))
#52 C:\laragon\www\layanan-pajak\vendor\laravel\framework\src\Illuminate\Pipeline\Pipeline.php(219): Illuminate\Http\Middleware\ValidatePostSize->handle(Object(Illuminate\Http\Request), Object(Closure))
#53 C:\laragon\www\layanan-pajak\vendor\laravel\framework\src\Illuminate\Foundation\Http\Middleware\PreventRequestsDuringMaintenance.php(109): Illuminate\Pipeline\Pipeline->Illuminate\Pipeline\{closure}(Object(Illuminate\Http\Request))
#54 C:\laragon\www\layanan-pajak\vendor\laravel\framework\src\Illuminate\Pipeline\Pipeline.php(219): Illuminate\Foundation\Http\Middleware\PreventRequestsDuringMaintenance->handle(Object(Illuminate\Http\Request), Object(Closure))
#55 C:\laragon\www\layanan-pajak\vendor\laravel\framework\src\Illuminate\Http\Middleware\HandleCors.php(61): Illuminate\Pipeline\Pipeline->Illuminate\Pipeline\{closure}(Object(Illuminate\Http\Request))
#56 C:\laragon\www\layanan-pajak\vendor\laravel\framework\src\Illuminate\Pipeline\Pipeline.php(219): Illuminate\Http\Middleware\HandleCors->handle(Object(Illuminate\Http\Request), Object(Closure))
#57 C:\laragon\www\layanan-pajak\vendor\laravel\framework\src\Illuminate\Http\Middleware\TrustProxies.php(58): Illuminate\Pipeline\Pipeline->Illuminate\Pipeline\{closure}(Object(Illuminate\Http\Request))
#58 C:\laragon\www\layanan-pajak\vendor\laravel\framework\src\Illuminate\Pipeline\Pipeline.php(219): Illuminate\Http\Middleware\TrustProxies->handle(Object(Illuminate\Http\Request), Object(Closure))
#59 C:\laragon\www\layanan-pajak\vendor\laravel\framework\src\Illuminate\Foundation\Http\Middleware\InvokeDeferredCallbacks.php(22): Illuminate\Pipeline\Pipeline->Illuminate\Pipeline\{closure}(Object(Illuminate\Http\Request))
#60 C:\laragon\www\layanan-pajak\vendor\laravel\framework\src\Illuminate\Pipeline\Pipeline.php(219): Illuminate\Foundation\Http\Middleware\InvokeDeferredCallbacks->handle(Object(Illuminate\Http\Request), Object(Closure))
#61 C:\laragon\www\layanan-pajak\vendor\laravel\framework\src\Illuminate\Http\Middleware\ValidatePathEncoding.php(26): Illuminate\Pipeline\Pipeline->Illuminate\Pipeline\{closure}(Object(Illuminate\Http\Request))
#62 C:\laragon\www\layanan-pajak\vendor\laravel\framework\src\Illuminate\Pipeline\Pipeline.php(219): Illuminate\Http\Middleware\ValidatePathEncoding->handle(Object(Illuminate\Http\Request), Object(Closure))
#63 C:\laragon\www\layanan-pajak\vendor\laravel\framework\src\Illuminate\Pipeline\Pipeline.php(137): Illuminate\Pipeline\Pipeline->Illuminate\Pipeline\{closure}(Object(Illuminate\Http\Request))
#64 C:\laragon\www\layanan-pajak\vendor\laravel\framework\src\Illuminate\Foundation\Http\Kernel.php(175): Illuminate\Pipeline\Pipeline->then(Object(Closure))
#65 C:\laragon\www\layanan-pajak\vendor\laravel\framework\src\Illuminate\Foundation\Http\Kernel.php(144): Illuminate\Foundation\Http\Kernel->sendRequestThroughRouter(Object(Illuminate\Http\Request))
#66 C:\laragon\www\layanan-pajak\vendor\laravel\framework\src\Illuminate\Foundation\Testing\Concerns\MakesHttpRequests.php(607): Illuminate\Foundation\Http\Kernel->handle(Object(Illuminate\Http\Request))
#67 C:\laragon\www\layanan-pajak\vendor\laravel\framework\src\Illuminate\Foundation\Testing\Concerns\MakesHttpRequests.php(368): Illuminate\Foundation\Testing\TestCase->call('GET', 'http://localhos...', Array, Array, Array, Array)
#68 C:\laragon\www\layanan-pajak\tests\Feature\Admin\KepalaUptTest.php(82): Illuminate\Foundation\Testing\TestCase->get('http://localhos...')
#69 C:\laragon\www\layanan-pajak\vendor\pestphp\pest\src\Factories\TestCaseMethodFactory.php(171): P\Tests\Feature\Admin\KepalaUptTest->{closure}()
#70 [internal function]: P\Tests\Feature\Admin\KepalaUptTest->Pest\Factories\{closure}()
#71 C:\laragon\www\layanan-pajak\vendor\pestphp\pest\src\Concerns\Testable.php(419): call_user_func_array(Object(Closure), Array)
#72 C:\laragon\www\layanan-pajak\vendor\pestphp\pest\src\Support\ExceptionTrace.php(26): P\Tests\Feature\Admin\KepalaUptTest->Pest\Concerns\{closure}()
#73 C:\laragon\www\layanan-pajak\vendor\pestphp\pest\src\Concerns\Testable.php(419): Pest\Support\ExceptionTrace::ensure(Object(Closure))
#74 C:\laragon\www\layanan-pajak\vendor\pestphp\pest\src\Concerns\Testable.php(321): P\Tests\Feature\Admin\KepalaUptTest->__callClosure(Object(Closure), Array)
#75 C:\laragon\www\layanan-pajak\vendor\pestphp\pest\src\Factories\TestCaseFactory.php(170) : eval()'d code(89): P\Tests\Feature\Admin\KepalaUptTest->__runTest(Object(Closure))
#76 C:\laragon\www\layanan-pajak\vendor\phpunit\phpunit\src\Framework\TestCase.php(1667): P\Tests\Feature\Admin\KepalaUptTest->__pest_evaluable_kepala_upt_can_access_daily_entries_for_their_upt_districts()
#77 C:\laragon\www\layanan-pajak\vendor\phpunit\phpunit\src\Framework\TestCase.php(519): PHPUnit\Framework\TestCase->runTest()
#78 C:\laragon\www\layanan-pajak\vendor\phpunit\phpunit\src\Framework\TestRunner\TestRunner.php(87): PHPUnit\Framework\TestCase->runBare()
#79 C:\laragon\www\layanan-pajak\vendor\phpunit\phpunit\src\Framework\TestCase.php(365): PHPUnit\Framework\TestRunner->run(Object(P\Tests\Feature\Admin\KepalaUptTest))
#80 C:\laragon\www\layanan-pajak\vendor\phpunit\phpunit\src\Framework\TestSuite.php(369): PHPUnit\Framework\TestCase->run()
#81 C:\laragon\www\layanan-pajak\vendor\phpunit\phpunit\src\Framework\TestSuite.php(369): PHPUnit\Framework\TestSuite->run()
#82 C:\laragon\www\layanan-pajak\vendor\phpunit\phpunit\src\Framework\TestSuite.php(369): PHPUnit\Framework\TestSuite->run()
#83 C:\laragon\www\layanan-pajak\vendor\phpunit\phpunit\src\TextUI\TestRunner.php(64): PHPUnit\Framework\TestSuite->run()
#84 C:\laragon\www\layanan-pajak\vendor\phpunit\phpunit\src\TextUI\Application.php(211): PHPUnit\TextUI\TestRunner->run(Object(PHPUnit\TextUI\Configuration\Configuration), Object(PHPUnit\Runner\ResultCache\DefaultResultCache), Object(PHPUnit\Framework\TestSuite))
#85 C:\laragon\www\layanan-pajak\vendor\pestphp\pest\src\Kernel.php(103): PHPUnit\TextUI\Application->run(Array)
#86 C:\laragon\www\layanan-pajak\vendor\pestphp\pest\bin\pest(184): Pest\Kernel->handle(Array, Array)
#87 C:\laragon\www\layanan-pajak\vendor\pestphp\pest\bin\pest(192): {closure}()
#88 {main}

Next Illuminate\View\ViewException: syntax error, unexpected token "endif", expecting end of file (View: C:\laragon\www\layanan-pajak\resources\views\components\layouts\employee.blade.php) in C:\laragon\www\layanan-pajak\storage\framework\views\e487c8b9a50ba181d178abc8588f9c80.php:149
Stack trace:
#0 C:\laragon\www\layanan-pajak\vendor\laravel\framework\src\Illuminate\View\Engines\PhpEngine.php(59): Illuminate\View\Engines\CompilerEngine->handleViewException(Object(ParseError), 3)
#1 C:\laragon\www\layanan-pajak\vendor\laravel\framework\src\Illuminate\View\Engines\CompilerEngine.php(76): Illuminate\View\Engines\PhpEngine->evaluatePath('C:\\laragon\\www\\...', Array)
#2 C:\laragon\www\layanan-pajak\vendor\laravel\framework\src\Illuminate\View\View.php(208): Illuminate\View\Engines\CompilerEngine->get('C:\\laragon\\www\\...', Array)
#3 C:\laragon\www\layanan-pajak\vendor\laravel\framework\src\Illuminate\View\View.php(191): Illuminate\View\View->getContents()
#4 C:\laragon\www\layanan-pajak\vendor\laravel\framework\src\Illuminate\View\View.php(160): Illuminate\View\View->renderContents()
#5 C:\laragon\www\layanan-pajak\vendor\laravel\framework\src\Illuminate\View\Concerns\ManagesComponents.php(103): Illuminate\View\View->render()
#6 C:\laragon\www\layanan-pajak\storage\framework\views\c62d52d18e2c4442ffead5322e3a01a0.php(431): Illuminate\View\Factory->renderComponent()
#7 C:\laragon\www\layanan-pajak\vendor\laravel\framework\src\Illuminate\Filesystem\Filesystem.php(123): require('C:\\laragon\\www\\...')
#8 C:\laragon\www\layanan-pajak\vendor\laravel\framework\src\Illuminate\Filesystem\Filesystem.php(124): Illuminate\Filesystem\Filesystem::Illuminate\Filesystem\{closure}()
#9 C:\laragon\www\layanan-pajak\vendor\laravel\framework\src\Illuminate\View\Engines\PhpEngine.php(57): Illuminate\Filesystem\Filesystem->getRequire('C:\\laragon\\www\\...', Array)
#10 C:\laragon\www\layanan-pajak\vendor\laravel\framework\src\Illuminate\View\Engines\CompilerEngine.php(76): Illuminate\View\Engines\PhpEngine->evaluatePath('C:\\laragon\\www\\...', Array)
#11 C:\laragon\www\layanan-pajak\vendor\laravel\framework\src\Illuminate\View\View.php(208): Illuminate\View\Engines\CompilerEngine->get('C:\\laragon\\www\\...', Array)
#12 C:\laragon\www\layanan-pajak\vendor\laravel\framework\src\Illuminate\View\View.php(191): Illuminate\View\View->getContents()
#13 C:\laragon\www\layanan-pajak\vendor\laravel\framework\src\Illuminate\View\View.php(160): Illuminate\View\View->renderContents()
#14 C:\laragon\www\layanan-pajak\vendor\laravel\framework\src\Illuminate\Http\Response.php(78): Illuminate\View\View->render()
#15 C:\laragon\www\layanan-pajak\vendor\laravel\framework\src\Illuminate\Http\Response.php(34): Illuminate\Http\Response->setContent(Object(Illuminate\View\View))
#16 C:\laragon\www\layanan-pajak\vendor\laravel\framework\src\Illuminate\Routing\Router.php(939): Illuminate\Http\Response->__construct(Object(Illuminate\View\View), 200, Array)
#17 C:\laragon\www\layanan-pajak\vendor\laravel\framework\src\Illuminate\Routing\Router.php(906): Illuminate\Routing\Router::toResponse(Object(Illuminate\Http\Request), Object(Illuminate\View\View))
#18 C:\laragon\www\layanan-pajak\vendor\laravel\framework\src\Illuminate\Routing\Router.php(821): Illuminate\Routing\Router->prepareResponse(Object(Illuminate\Http\Request), Object(Illuminate\View\View))
#19 C:\laragon\www\layanan-pajak\vendor\laravel\framework\src\Illuminate\Pipeline\Pipeline.php(180): Illuminate\Routing\Router->Illuminate\Routing\{closure}(Object(Illuminate\Http\Request))
#20 C:\laragon\www\layanan-pajak\vendor\spatie\laravel-permission\src\Middleware\RoleMiddleware.php(37): Illuminate\Pipeline\Pipeline->Illuminate\Pipeline\{closure}(Object(Illuminate\Http\Request))
#21 C:\laragon\www\layanan-pajak\vendor\laravel\framework\src\Illuminate\Pipeline\Pipeline.php(219): Spatie\Permission\Middleware\RoleMiddleware->handle(Object(Illuminate\Http\Request), Object(Closure), 'pegawai|kepala_...')
#22 C:\laragon\www\layanan-pajak\vendor\laravel\framework\src\Illuminate\Routing\Middleware\SubstituteBindings.php(50): Illuminate\Pipeline\Pipeline->Illuminate\Pipeline\{closure}(Object(Illuminate\Http\Request))
#23 C:\laragon\www\layanan-pajak\vendor\laravel\framework\src\Illuminate\Pipeline\Pipeline.php(219): Illuminate\Routing\Middleware\SubstituteBindings->handle(Object(Illuminate\Http\Request), Object(Closure))
#24 C:\laragon\www\layanan-pajak\vendor\laravel\framework\src\Illuminate\Auth\Middleware\Authenticate.php(63): Illuminate\Pipeline\Pipeline->Illuminate\Pipeline\{closure}(Object(Illuminate\Http\Request))
#25 C:\laragon\www\layanan-pajak\vendor\laravel\framework\src\Illuminate\Pipeline\Pipeline.php(219): Illuminate\Auth\Middleware\Authenticate->handle(Object(Illuminate\Http\Request), Object(Closure))
#26 C:\laragon\www\layanan-pajak\vendor\laravel\framework\src\Illuminate\Foundation\Http\Middleware\VerifyCsrfToken.php(87): Illuminate\Pipeline\Pipeline->Illuminate\Pipeline\{closure}(Object(Illuminate\Http\Request))
#27 C:\laragon\www\layanan-pajak\vendor\laravel\framework\src\Illuminate\Pipeline\Pipeline.php(219): Illuminate\Foundation\Http\Middleware\VerifyCsrfToken->handle(Object(Illuminate\Http\Request), Object(Closure))
#28 C:\laragon\www\layanan-pajak\vendor\laravel\framework\src\Illuminate\View\Middleware\ShareErrorsFromSession.php(48): Illuminate\Pipeline\Pipeline->Illuminate\Pipeline\{closure}(Object(Illuminate\Http\Request))
#29 C:\laragon\www\layanan-pajak\vendor\laravel\framework\src\Illuminate\Pipeline\Pipeline.php(219): Illuminate\View\Middleware\ShareErrorsFromSession->handle(Object(Illuminate\Http\Request), Object(Closure))
#30 C:\laragon\www\layanan-pajak\vendor\laravel\framework\src\Illuminate\Session\Middleware\StartSession.php(120): Illuminate\Pipeline\Pipeline->Illuminate\Pipeline\{closure}(Object(Illuminate\Http\Request))
#31 C:\laragon\www\layanan-pajak\vendor\laravel\framework\src\Illuminate\Session\Middleware\StartSession.php(63): Illuminate\Session\Middleware\StartSession->handleStatefulRequest(Object(Illuminate\Http\Request), Object(Illuminate\Session\Store), Object(Closure))
#32 C:\laragon\www\layanan-pajak\vendor\laravel\framework\src\Illuminate\Pipeline\Pipeline.php(219): Illuminate\Session\Middleware\StartSession->handle(Object(Illuminate\Http\Request), Object(Closure))
#33 C:\laragon\www\layanan-pajak\vendor\laravel\framework\src\Illuminate\Cookie\Middleware\AddQueuedCookiesToResponse.php(36): Illuminate\Pipeline\Pipeline->Illuminate\Pipeline\{closure}(Object(Illuminate\Http\Request))
#34 C:\laragon\www\layanan-pajak\vendor\laravel\framework\src\Illuminate\Pipeline\Pipeline.php(219): Illuminate\Cookie\Middleware\AddQueuedCookiesToResponse->handle(Object(Illuminate\Http\Request), Object(Closure))
#35 C:\laragon\www\layanan-pajak\vendor\laravel\framework\src\Illuminate\Cookie\Middleware\EncryptCookies.php(74): Illuminate\Pipeline\Pipeline->Illuminate\Pipeline\{closure}(Object(Illuminate\Http\Request))
#36 C:\laragon\www\layanan-pajak\vendor\laravel\framework\src\Illuminate\Pipeline\Pipeline.php(219): Illuminate\Cookie\Middleware\EncryptCookies->handle(Object(Illuminate\Http\Request), Object(Closure))
#37 C:\laragon\www\layanan-pajak\vendor\laravel\framework\src\Illuminate\Pipeline\Pipeline.php(137): Illuminate\Pipeline\Pipeline->Illuminate\Pipeline\{closure}(Object(Illuminate\Http\Request))
#38 C:\laragon\www\layanan-pajak\vendor\laravel\framework\src\Illuminate\Routing\Router.php(821): Illuminate\Pipeline\Pipeline->then(Object(Closure))
#39 C:\laragon\www\layanan-pajak\vendor\laravel\framework\src\Illuminate\Routing\Router.php(800): Illuminate\Routing\Router->runRouteWithinStack(Object(Illuminate\Routing\Route), Object(Illuminate\Http\Request))
#40 C:\laragon\www\layanan-pajak\vendor\laravel\framework\src\Illuminate\Routing\Router.php(764): Illuminate\Routing\Router->runRoute(Object(Illuminate\Http\Request), Object(Illuminate\Routing\Route))
#41 C:\laragon\www\layanan-pajak\vendor\laravel\framework\src\Illuminate\Routing\Router.php(753): Illuminate\Routing\Router->dispatchToRoute(Object(Illuminate\Http\Request))
#42 C:\laragon\www\layanan-pajak\vendor\laravel\framework\src\Illuminate\Foundation\Http\Kernel.php(200): Illuminate\Routing\Router->dispatch(Object(Illuminate\Http\Request))
#43 C:\laragon\www\layanan-pajak\vendor\laravel\framework\src\Illuminate\Pipeline\Pipeline.php(180): Illuminate\Foundation\Http\Kernel->Illuminate\Foundation\Http\{closure}(Object(Illuminate\Http\Request))
#44 C:\laragon\www\layanan-pajak\vendor\laravel\framework\src\Illuminate\Foundation\Http\Middleware\TransformsRequest.php(21): Illuminate\Pipeline\Pipeline->Illuminate\Pipeline\{closure}(Object(Illuminate\Http\Request))
#45 C:\laragon\www\layanan-pajak\vendor\laravel\framework\src\Illuminate\Foundation\Http\Middleware\ConvertEmptyStringsToNull.php(31): Illuminate\Foundation\Http\Middleware\TransformsRequest->handle(Object(Illuminate\Http\Request), Object(Closure))
#46 C:\laragon\www\layanan-pajak\vendor\laravel\framework\src\Illuminate\Pipeline\Pipeline.php(219): Illuminate\Foundation\Http\Middleware\ConvertEmptyStringsToNull->handle(Object(Illuminate\Http\Request), Object(Closure))
#47 C:\laragon\www\layanan-pajak\vendor\laravel\framework\src\Illuminate\Foundation\Http\Middleware\TransformsRequest.php(21): Illuminate\Pipeline\Pipeline->Illuminate\Pipeline\{closure}(Object(Illuminate\Http\Request))
#48 C:\laragon\www\layanan-pajak\vendor\laravel\framework\src\Illuminate\Foundation\Http\Middleware\TrimStrings.php(51): Illuminate\Foundation\Http\Middleware\TransformsRequest->handle(Object(Illuminate\Http\Request), Object(Closure))
#49 C:\laragon\www\layanan-pajak\vendor\laravel\framework\src\Illuminate\Pipeline\Pipeline.php(219): Illuminate\Foundation\Http\Middleware\TrimStrings->handle(Object(Illuminate\Http\Request), Object(Closure))
#50 C:\laragon\www\layanan-pajak\vendor\laravel\framework\src\Illuminate\Http\Middleware\ValidatePostSize.php(27): Illuminate\Pipeline\Pipeline->Illuminate\Pipeline\{closure}(Object(Illuminate\Http\Request))
#51 C:\laragon\www\layanan-pajak\vendor\laravel\framework\src\Illuminate\Pipeline\Pipeline.php(219): Illuminate\Http\Middleware\ValidatePostSize->handle(Object(Illuminate\Http\Request), Object(Closure))
#52 C:\laragon\www\layanan-pajak\vendor\laravel\framework\src\Illuminate\Foundation\Http\Middleware\PreventRequestsDuringMaintenance.php(109): Illuminate\Pipeline\Pipeline->Illuminate\Pipeline\{closure}(Object(Illuminate\Http\Request))
#53 C:\laragon\www\layanan-pajak\vendor\laravel\framework\src\Illuminate\Pipeline\Pipeline.php(219): Illuminate\Foundation\Http\Middleware\PreventRequestsDuringMaintenance->handle(Object(Illuminate\Http\Request), Object(Closure))
#54 C:\laragon\www\layanan-pajak\vendor\laravel\framework\src\Illuminate\Http\Middleware\HandleCors.php(61): Illuminate\Pipeline\Pipeline->Illuminate\Pipeline\{closure}(Object(Illuminate\Http\Request))
#55 C:\laragon\www\layanan-pajak\vendor\laravel\framework\src\Illuminate\Pipeline\Pipeline.php(219): Illuminate\Http\Middleware\HandleCors->handle(Object(Illuminate\Http\Request), Object(Closure))
#56 C:\laragon\www\layanan-pajak\vendor\laravel\framework\src\Illuminate\Http\Middleware\TrustProxies.php(58): Illuminate\Pipeline\Pipeline->Illuminate\Pipeline\{closure}(Object(Illuminate\Http\Request))
#57 C:\laragon\www\layanan-pajak\vendor\laravel\framework\src\Illuminate\Pipeline\Pipeline.php(219): Illuminate\Http\Middleware\TrustProxies->handle(Object(Illuminate\Http\Request), Object(Closure))
#58 C:\laragon\www\layanan-pajak\vendor\laravel\framework\src\Illuminate\Foundation\Http\Middleware\InvokeDeferredCallbacks.php(22): Illuminate\Pipeline\Pipeline->Illuminate\Pipeline\{closure}(Object(Illuminate\Http\Request))
#59 C:\laragon\www\layanan-pajak\vendor\laravel\framework\src\Illuminate\Pipeline\Pipeline.php(219): Illuminate\Foundation\Http\Middleware\InvokeDeferredCallbacks->handle(Object(Illuminate\Http\Request), Object(Closure))
#60 C:\laragon\www\layanan-pajak\vendor\laravel\framework\src\Illuminate\Http\Middleware\ValidatePathEncoding.php(26): Illuminate\Pipeline\Pipeline->Illuminate\Pipeline\{closure}(Object(Illuminate\Http\Request))
#61 C:\laragon\www\layanan-pajak\vendor\laravel\framework\src\Illuminate\Pipeline\Pipeline.php(219): Illuminate\Http\Middleware\ValidatePathEncoding->handle(Object(Illuminate\Http\Request), Object(Closure))
#62 C:\laragon\www\layanan-pajak\vendor\laravel\framework\src\Illuminate\Pipeline\Pipeline.php(137): Illuminate\Pipeline\Pipeline->Illuminate\Pipeline\{closure}(Object(Illuminate\Http\Request))
#63 C:\laragon\www\layanan-pajak\vendor\laravel\framework\src\Illuminate\Foundation\Http\Kernel.php(175): Illuminate\Pipeline\Pipeline->then(Object(Closure))
#64 C:\laragon\www\layanan-pajak\vendor\laravel\framework\src\Illuminate\Foundation\Http\Kernel.php(144): Illuminate\Foundation\Http\Kernel->sendRequestThroughRouter(Object(Illuminate\Http\Request))
#65 C:\laragon\www\layanan-pajak\vendor\laravel\framework\src\Illuminate\Foundation\Testing\Concerns\MakesHttpRequests.php(607): Illuminate\Foundation\Http\Kernel->handle(Object(Illuminate\Http\Request))
#66 C:\laragon\www\layanan-pajak\vendor\laravel\framework\src\Illuminate\Foundation\Testing\Concerns\MakesHttpRequests.php(368): Illuminate\Foundation\Testing\TestCase->call('GET', 'http://localhos...', Array, Array, Array, Array)
#67 C:\laragon\www\layanan-pajak\tests\Feature\Admin\KepalaUptTest.php(82): Illuminate\Foundation\Testing\TestCase->get('http://localhos...')
#68 C:\laragon\www\layanan-pajak\vendor\pestphp\pest\src\Factories\TestCaseMethodFactory.php(171): P\Tests\Feature\Admin\KepalaUptTest->{closure}()
#69 [internal function]: P\Tests\Feature\Admin\KepalaUptTest->Pest\Factories\{closure}()
#70 C:\laragon\www\layanan-pajak\vendor\pestphp\pest\src\Concerns\Testable.php(419): call_user_func_array(Object(Closure), Array)
#71 C:\laragon\www\layanan-pajak\vendor\pestphp\pest\src\Support\ExceptionTrace.php(26): P\Tests\Feature\Admin\KepalaUptTest->Pest\Concerns\{closure}()
#72 C:\laragon\www\layanan-pajak\vendor\pestphp\pest\src\Concerns\Testable.php(419): Pest\Support\ExceptionTrace::ensure(Object(Closure))
#73 C:\laragon\www\layanan-pajak\vendor\pestphp\pest\src\Concerns\Testable.php(321): P\Tests\Feature\Admin\KepalaUptTest->__callClosure(Object(Closure), Array)
#74 C:\laragon\www\layanan-pajak\vendor\pestphp\pest\src\Factories\TestCaseFactory.php(170) : eval()'d code(89): P\Tests\Feature\Admin\KepalaUptTest->__runTest(Object(Closure))
#75 C:\laragon\www\layanan-pajak\vendor\phpunit\phpunit\src\Framework\TestCase.php(1667): P\Tests\Feature\Admin\KepalaUptTest->__pest_evaluable_kepala_upt_can_access_daily_entries_for_their_upt_districts()
#76 C:\laragon\www\layanan-pajak\vendor\phpunit\phpunit\src\Framework\TestCase.php(519): PHPUnit\Framework\TestCase->runTest()
#77 C:\laragon\www\layanan-pajak\vendor\phpunit\phpunit\src\Framework\TestRunner\TestRunner.php(87): PHPUnit\Framework\TestCase->runBare()
#78 C:\laragon\www\layanan-pajak\vendor\phpunit\phpunit\src\Framework\TestCase.php(365): PHPUnit\Framework\TestRunner->run(Object(P\Tests\Feature\Admin\KepalaUptTest))
#79 C:\laragon\www\layanan-pajak\vendor\phpunit\phpunit\src\Framework\TestSuite.php(369): PHPUnit\Framework\TestCase->run()
#80 C:\laragon\www\layanan-pajak\vendor\phpunit\phpunit\src\Framework\TestSuite.php(369): PHPUnit\Framework\TestSuite->run()
#81 C:\laragon\www\layanan-pajak\vendor\phpunit\phpunit\src\Framework\TestSuite.php(369): PHPUnit\Framework\TestSuite->run()
#82 C:\laragon\www\layanan-pajak\vendor\phpunit\phpunit\src\TextUI\TestRunner.php(64): PHPUnit\Framework\TestSuite->run()
#83 C:\laragon\www\layanan-pajak\vendor\phpunit\phpunit\src\TextUI\Application.php(211): PHPUnit\TextUI\TestRunner->run(Object(PHPUnit\TextUI\Configuration\Configuration), Object(PHPUnit\Runner\ResultCache\DefaultResultCache), Object(PHPUnit\Framework\TestSuite))
#84 C:\laragon\www\layanan-pajak\vendor\pestphp\pest\src\Kernel.php(103): PHPUnit\TextUI\Application->run(Array)
#85 C:\laragon\www\layanan-pajak\vendor\pestphp\pest\bin\pest(184): Pest\Kernel->handle(Array, Array)
#86 C:\laragon\www\layanan-pajak\vendor\pestphp\pest\bin\pest(192): {closure}()
#87 {main}

Next Illuminate\View\ViewException: syntax error, unexpected token "endif", expecting end of file (View: C:\laragon\www\layanan-pajak\resources\views\components\layouts\employee.blade.php) (View: C:\laragon\www\layanan-pajak\resources\views\components\layouts\employee.blade.php) in C:\laragon\www\layanan-pajak\storage\framework\views\e487c8b9a50ba181d178abc8588f9c80.php:149
Stack trace:
#0 C:\laragon\www\layanan-pajak\vendor\laravel\framework\src\Illuminate\View\Engines\PhpEngine.php(59): Illuminate\View\Engines\CompilerEngine->handleViewException(Object(Illuminate\View\ViewException), 2)
#1 C:\laragon\www\layanan-pajak\vendor\laravel\framework\src\Illuminate\View\Engines\CompilerEngine.php(76): Illuminate\View\Engines\PhpEngine->evaluatePath('C:\\laragon\\www\\...', Array)
#2 C:\laragon\www\layanan-pajak\vendor\laravel\framework\src\Illuminate\View\View.php(208): Illuminate\View\Engines\CompilerEngine->get('C:\\laragon\\www\\...', Array)
#3 C:\laragon\www\layanan-pajak\vendor\laravel\framework\src\Illuminate\View\View.php(191): Illuminate\View\View->getContents()
#4 C:\laragon\www\layanan-pajak\vendor\laravel\framework\src\Illuminate\View\View.php(160): Illuminate\View\View->renderContents()
#5 C:\laragon\www\layanan-pajak\vendor\laravel\framework\src\Illuminate\Http\Response.php(78): Illuminate\View\View->render()
#6 C:\laragon\www\layanan-pajak\vendor\laravel\framework\src\Illuminate\Http\Response.php(34): Illuminate\Http\Response->setContent(Object(Illuminate\View\View))
#7 C:\laragon\www\layanan-pajak\vendor\laravel\framework\src\Illuminate\Routing\Router.php(939): Illuminate\Http\Response->__construct(Object(Illuminate\View\View), 200, Array)
#8 C:\laragon\www\layanan-pajak\vendor\laravel\framework\src\Illuminate\Routing\Router.php(906): Illuminate\Routing\Router::toResponse(Object(Illuminate\Http\Request), Object(Illuminate\View\View))
#9 C:\laragon\www\layanan-pajak\vendor\laravel\framework\src\Illuminate\Routing\Router.php(821): Illuminate\Routing\Router->prepareResponse(Object(Illuminate\Http\Request), Object(Illuminate\View\View))
#10 C:\laragon\www\layanan-pajak\vendor\laravel\framework\src\Illuminate\Pipeline\Pipeline.php(180): Illuminate\Routing\Router->Illuminate\Routing\{closure}(Object(Illuminate\Http\Request))
#11 C:\laragon\www\layanan-pajak\vendor\spatie\laravel-permission\src\Middleware\RoleMiddleware.php(37): Illuminate\Pipeline\Pipeline->Illuminate\Pipeline\{closure}(Object(Illuminate\Http\Request))
#12 C:\laragon\www\layanan-pajak\vendor\laravel\framework\src\Illuminate\Pipeline\Pipeline.php(219): Spatie\Permission\Middleware\RoleMiddleware->handle(Object(Illuminate\Http\Request), Object(Closure), 'pegawai|kepala_...')
#13 C:\laragon\www\layanan-pajak\vendor\laravel\framework\src\Illuminate\Routing\Middleware\SubstituteBindings.php(50): Illuminate\Pipeline\Pipeline->Illuminate\Pipeline\{closure}(Object(Illuminate\Http\Request))
#14 C:\laragon\www\layanan-pajak\vendor\laravel\framework\src\Illuminate\Pipeline\Pipeline.php(219): Illuminate\Routing\Middleware\SubstituteBindings->handle(Object(Illuminate\Http\Request), Object(Closure))
#15 C:\laragon\www\layanan-pajak\vendor\laravel\framework\src\Illuminate\Auth\Middleware\Authenticate.php(63): Illuminate\Pipeline\Pipeline->Illuminate\Pipeline\{closure}(Object(Illuminate\Http\Request))
#16 C:\laragon\www\layanan-pajak\vendor\laravel\framework\src\Illuminate\Pipeline\Pipeline.php(219): Illuminate\Auth\Middleware\Authenticate->handle(Object(Illuminate\Http\Request), Object(Closure))
#17 C:\laragon\www\layanan-pajak\vendor\laravel\framework\src\Illuminate\Foundation\Http\Middleware\VerifyCsrfToken.php(87): Illuminate\Pipeline\Pipeline->Illuminate\Pipeline\{closure}(Object(Illuminate\Http\Request))
#18 C:\laragon\www\layanan-pajak\vendor\laravel\framework\src\Illuminate\Pipeline\Pipeline.php(219): Illuminate\Foundation\Http\Middleware\VerifyCsrfToken->handle(Object(Illuminate\Http\Request), Object(Closure))
#19 C:\laragon\www\layanan-pajak\vendor\laravel\framework\src\Illuminate\View\Middleware\ShareErrorsFromSession.php(48): Illuminate\Pipeline\Pipeline->Illuminate\Pipeline\{closure}(Object(Illuminate\Http\Request))
#20 C:\laragon\www\layanan-pajak\vendor\laravel\framework\src\Illuminate\Pipeline\Pipeline.php(219): Illuminate\View\Middleware\ShareErrorsFromSession->handle(Object(Illuminate\Http\Request), Object(Closure))
#21 C:\laragon\www\layanan-pajak\vendor\laravel\framework\src\Illuminate\Session\Middleware\StartSession.php(120): Illuminate\Pipeline\Pipeline->Illuminate\Pipeline\{closure}(Object(Illuminate\Http\Request))
#22 C:\laragon\www\layanan-pajak\vendor\laravel\framework\src\Illuminate\Session\Middleware\StartSession.php(63): Illuminate\Session\Middleware\StartSession->handleStatefulRequest(Object(Illuminate\Http\Request), Object(Illuminate\Session\Store), Object(Closure))
#23 C:\laragon\www\layanan-pajak\vendor\laravel\framework\src\Illuminate\Pipeline\Pipeline.php(219): Illuminate\Session\Middleware\StartSession->handle(Object(Illuminate\Http\Request), Object(Closure))
#24 C:\laragon\www\layanan-pajak\vendor\laravel\framework\src\Illuminate\Cookie\Middleware\AddQueuedCookiesToResponse.php(36): Illuminate\Pipeline\Pipeline->Illuminate\Pipeline\{closure}(Object(Illuminate\Http\Request))
#25 C:\laragon\www\layanan-pajak\vendor\laravel\framework\src\Illuminate\Pipeline\Pipeline.php(219): Illuminate\Cookie\Middleware\AddQueuedCookiesToResponse->handle(Object(Illuminate\Http\Request), Object(Closure))
#26 C:\laragon\www\layanan-pajak\vendor\laravel\framework\src\Illuminate\Cookie\Middleware\EncryptCookies.php(74): Illuminate\Pipeline\Pipeline->Illuminate\Pipeline\{closure}(Object(Illuminate\Http\Request))
#27 C:\laragon\www\layanan-pajak\vendor\laravel\framework\src\Illuminate\Pipeline\Pipeline.php(219): Illuminate\Cookie\Middleware\EncryptCookies->handle(Object(Illuminate\Http\Request), Object(Closure))
#28 C:\laragon\www\layanan-pajak\vendor\laravel\framework\src\Illuminate\Pipeline\Pipeline.php(137): Illuminate\Pipeline\Pipeline->Illuminate\Pipeline\{closure}(Object(Illuminate\Http\Request))
#29 C:\laragon\www\layanan-pajak\vendor\laravel\framework\src\Illuminate\Routing\Router.php(821): Illuminate\Pipeline\Pipeline->then(Object(Closure))
#30 C:\laragon\www\layanan-pajak\vendor\laravel\framework\src\Illuminate\Routing\Router.php(800): Illuminate\Routing\Router->runRouteWithinStack(Object(Illuminate\Routing\Route), Object(Illuminate\Http\Request))
#31 C:\laragon\www\layanan-pajak\vendor\laravel\framework\src\Illuminate\Routing\Router.php(764): Illuminate\Routing\Router->runRoute(Object(Illuminate\Http\Request), Object(Illuminate\Routing\Route))
#32 C:\laragon\www\layanan-pajak\vendor\laravel\framework\src\Illuminate\Routing\Router.php(753): Illuminate\Routing\Router->dispatchToRoute(Object(Illuminate\Http\Request))
#33 C:\laragon\www\layanan-pajak\vendor\laravel\framework\src\Illuminate\Foundation\Http\Kernel.php(200): Illuminate\Routing\Router->dispatch(Object(Illuminate\Http\Request))
#34 C:\laragon\www\layanan-pajak\vendor\laravel\framework\src\Illuminate\Pipeline\Pipeline.php(180): Illuminate\Foundation\Http\Kernel->Illuminate\Foundation\Http\{closure}(Object(Illuminate\Http\Request))
#35 C:\laragon\www\layanan-pajak\vendor\laravel\framework\src\Illuminate\Foundation\Http\Middleware\TransformsRequest.php(21): Illuminate\Pipeline\Pipeline->Illuminate\Pipeline\{closure}(Object(Illuminate\Http\Request))
#36 C:\laragon\www\layanan-pajak\vendor\laravel\framework\src\Illuminate\Foundation\Http\Middleware\ConvertEmptyStringsToNull.php(31): Illuminate\Foundation\Http\Middleware\TransformsRequest->handle(Object(Illuminate\Http\Request), Object(Closure))
#37 C:\laragon\www\layanan-pajak\vendor\laravel\framework\src\Illuminate\Pipeline\Pipeline.php(219): Illuminate\Foundation\Http\Middleware\ConvertEmptyStringsToNull->handle(Object(Illuminate\Http\Request), Object(Closure))
#38 C:\laragon\www\layanan-pajak\vendor\laravel\framework\src\Illuminate\Foundation\Http\Middleware\TransformsRequest.php(21): Illuminate\Pipeline\Pipeline->Illuminate\Pipeline\{closure}(Object(Illuminate\Http\Request))
#39 C:\laragon\www\layanan-pajak\vendor\laravel\framework\src\Illuminate\Foundation\Http\Middleware\TrimStrings.php(51): Illuminate\Foundation\Http\Middleware\TransformsRequest->handle(Object(Illuminate\Http\Request), Object(Closure))
#40 C:\laragon\www\layanan-pajak\vendor\laravel\framework\src\Illuminate\Pipeline\Pipeline.php(219): Illuminate\Foundation\Http\Middleware\TrimStrings->handle(Object(Illuminate\Http\Request), Object(Closure))
#41 C:\laragon\www\layanan-pajak\vendor\laravel\framework\src\Illuminate\Http\Middleware\ValidatePostSize.php(27): Illuminate\Pipeline\Pipeline->Illuminate\Pipeline\{closure}(Object(Illuminate\Http\Request))
#42 C:\laragon\www\layanan-pajak\vendor\laravel\framework\src\Illuminate\Pipeline\Pipeline.php(219): Illuminate\Http\Middleware\ValidatePostSize->handle(Object(Illuminate\Http\Request), Object(Closure))
#43 C:\laragon\www\layanan-pajak\vendor\laravel\framework\src\Illuminate\Foundation\Http\Middleware\PreventRequestsDuringMaintenance.php(109): Illuminate\Pipeline\Pipeline->Illuminate\Pipeline\{closure}(Object(Illuminate\Http\Request))
#44 C:\laragon\www\layanan-pajak\vendor\laravel\framework\src\Illuminate\Pipeline\Pipeline.php(219): Illuminate\Foundation\Http\Middleware\PreventRequestsDuringMaintenance->handle(Object(Illuminate\Http\Request), Object(Closure))
#45 C:\laragon\www\layanan-pajak\vendor\laravel\framework\src\Illuminate\Http\Middleware\HandleCors.php(61): Illuminate\Pipeline\Pipeline->Illuminate\Pipeline\{closure}(Object(Illuminate\Http\Request))
#46 C:\laragon\www\layanan-pajak\vendor\laravel\framework\src\Illuminate\Pipeline\Pipeline.php(219): Illuminate\Http\Middleware\HandleCors->handle(Object(Illuminate\Http\Request), Object(Closure))
#47 C:\laragon\www\layanan-pajak\vendor\laravel\framework\src\Illuminate\Http\Middleware\TrustProxies.php(58): Illuminate\Pipeline\Pipeline->Illuminate\Pipeline\{closure}(Object(Illuminate\Http\Request))
#48 C:\laragon\www\layanan-pajak\vendor\laravel\framework\src\Illuminate\Pipeline\Pipeline.php(219): Illuminate\Http\Middleware\TrustProxies->handle(Object(Illuminate\Http\Request), Object(Closure))
#49 C:\laragon\www\layanan-pajak\vendor\laravel\framework\src\Illuminate\Foundation\Http\Middleware\InvokeDeferredCallbacks.php(22): Illuminate\Pipeline\Pipeline->Illuminate\Pipeline\{closure}(Object(Illuminate\Http\Request))
#50 C:\laragon\www\layanan-pajak\vendor\laravel\framework\src\Illuminate\Pipeline\Pipeline.php(219): Illuminate\Foundation\Http\Middleware\InvokeDeferredCallbacks->handle(Object(Illuminate\Http\Request), Object(Closure))
#51 C:\laragon\www\layanan-pajak\vendor\laravel\framework\src\Illuminate\Http\Middleware\ValidatePathEncoding.php(26): Illuminate\Pipeline\Pipeline->Illuminate\Pipeline\{closure}(Object(Illuminate\Http\Request))
#52 C:\laragon\www\layanan-pajak\vendor\laravel\framework\src\Illuminate\Pipeline\Pipeline.php(219): Illuminate\Http\Middleware\ValidatePathEncoding->handle(Object(Illuminate\Http\Request), Object(Closure))
#53 C:\laragon\www\layanan-pajak\vendor\laravel\framework\src\Illuminate\Pipeline\Pipeline.php(137): Illuminate\Pipeline\Pipeline->Illuminate\Pipeline\{closure}(Object(Illuminate\Http\Request))
#54 C:\laragon\www\layanan-pajak\vendor\laravel\framework\src\Illuminate\Foundation\Http\Kernel.php(175): Illuminate\Pipeline\Pipeline->then(Object(Closure))
#55 C:\laragon\www\layanan-pajak\vendor\laravel\framework\src\Illuminate\Foundation\Http\Kernel.php(144): Illuminate\Foundation\Http\Kernel->sendRequestThroughRouter(Object(Illuminate\Http\Request))
#56 C:\laragon\www\layanan-pajak\vendor\laravel\framework\src\Illuminate\Foundation\Testing\Concerns\MakesHttpRequests.php(607): Illuminate\Foundation\Http\Kernel->handle(Object(Illuminate\Http\Request))
#57 C:\laragon\www\layanan-pajak\vendor\laravel\framework\src\Illuminate\Foundation\Testing\Concerns\MakesHttpRequests.php(368): Illuminate\Foundation\Testing\TestCase->call('GET', 'http://localhos...', Array, Array, Array, Array)
#58 C:\laragon\www\layanan-pajak\tests\Feature\Admin\KepalaUptTest.php(82): Illuminate\Foundation\Testing\TestCase->get('http://localhos...')
#59 C:\laragon\www\layanan-pajak\vendor\pestphp\pest\src\Factories\TestCaseMethodFactory.php(171): P\Tests\Feature\Admin\KepalaUptTest->{closure}()
#60 [internal function]: P\Tests\Feature\Admin\KepalaUptTest->Pest\Factories\{closure}()
#61 C:\laragon\www\layanan-pajak\vendor\pestphp\pest\src\Concerns\Testable.php(419): call_user_func_array(Object(Closure), Array)
#62 C:\laragon\www\layanan-pajak\vendor\pestphp\pest\src\Support\ExceptionTrace.php(26): P\Tests\Feature\Admin\KepalaUptTest->Pest\Concerns\{closure}()
#63 C:\laragon\www\layanan-pajak\vendor\pestphp\pest\src\Concerns\Testable.php(419): Pest\Support\ExceptionTrace::ensure(Object(Closure))
#64 C:\laragon\www\layanan-pajak\vendor\pestphp\pest\src\Concerns\Testable.php(321): P\Tests\Feature\Admin\KepalaUptTest->__callClosure(Object(Closure), Array)
#65 C:\laragon\www\layanan-pajak\vendor\pestphp\pest\src\Factories\TestCaseFactory.php(170) : eval()'d code(89): P\Tests\Feature\Admin\KepalaUptTest->__runTest(Object(Closure))
#66 C:\laragon\www\layanan-pajak\vendor\phpunit\phpunit\src\Framework\TestCase.php(1667): P\Tests\Feature\Admin\KepalaUptTest->__pest_evaluable_kepala_upt_can_access_daily_entries_for_their_upt_districts()
#67 C:\laragon\www\layanan-pajak\vendor\phpunit\phpunit\src\Framework\TestCase.php(519): PHPUnit\Framework\TestCase->runTest()
#68 C:\laragon\www\layanan-pajak\vendor\phpunit\phpunit\src\Framework\TestRunner\TestRunner.php(87): PHPUnit\Framework\TestCase->runBare()
#69 C:\laragon\www\layanan-pajak\vendor\phpunit\phpunit\src\Framework\TestCase.php(365): PHPUnit\Framework\TestRunner->run(Object(P\Tests\Feature\Admin\KepalaUptTest))
#70 C:\laragon\www\layanan-pajak\vendor\phpunit\phpunit\src\Framework\TestSuite.php(369): PHPUnit\Framework\TestCase->run()
#71 C:\laragon\www\layanan-pajak\vendor\phpunit\phpunit\src\Framework\TestSuite.php(369): PHPUnit\Framework\TestSuite->run()
#72 C:\laragon\www\layanan-pajak\vendor\phpunit\phpunit\src\Framework\TestSuite.php(369): PHPUnit\Framework\TestSuite->run()
#73 C:\laragon\www\layanan-pajak\vendor\phpunit\phpunit\src\TextUI\TestRunner.php(64): PHPUnit\Framework\TestSuite->run()
#74 C:\laragon\www\layanan-pajak\vendor\phpunit\phpunit\src\TextUI\Application.php(211): PHPUnit\TextUI\TestRunner->run(Object(PHPUnit\TextUI\Configuration\Configuration), Object(PHPUnit\Runner\ResultCache\DefaultResultCache), Object(PHPUnit\Framework\TestSuite))
#75 C:\laragon\www\layanan-pajak\vendor\pestphp\pest\src\Kernel.php(103): PHPUnit\TextUI\Application->run(Array)
#76 C:\laragon\www\layanan-pajak\vendor\pestphp\pest\bin\pest(184): Pest\Kernel->handle(Array, Array)
#77 C:\laragon\www\layanan-pajak\vendor\pestphp\pest\bin\pest(192): {closure}()
#78 {main}

----------------------------------------------------------------------------------

syntax error, unexpected token "endif", expecting end of file (View: C:\laragon\www\layanan-pajak\resources\views\components\layouts\employee.blade.php) (View: C:\laragon\www\layanan-pajak\resources\views\components\layouts\employee.blade.php)

  at tests\Feature\Admin\KepalaUptTest.php:83
     79Ôûò     $this->upt1->districts()->attach($district->id);
     80Ôûò 
     81Ôûò     $this->actingAs($this->kepalaUpt1)
     82Ôûò         ->get(route('pegawai.daily-entries.show', $district))
  Ô×£  83Ôûò         ->assertOk();
     84Ôûò });
     85Ôûò 
     86Ôûò test('kepala upt cannot access daily entries for districts outside their upt', function () {
     87Ôûò     $district = District::factory()->create();


  Tests:    1 failed, 8 passed, [2m4 pending[22m (10 assertions)
  Duration: 3.40s

